                                 
  NAME   FILENAME   DESCRIPTION  
                                 
  name   filename   description  
  name   filename   description  
                                 
