- filename: filename
- filename: filename
- filename: filename_added
